// Jest Snapshot v1, https://goo.gl/fbAQLP

exports[`<Drawer /> matches snapshot 1`] = `
<Fragment>
  <WithStyles(ForwardRef(Button))
    className="makeStyles-btnDrawer-3"
    onClick={[Function]}
    size="small"
    type="button"
    variant="contained"
  >
    Borrow
  </WithStyles(ForwardRef(Button))>
  <WithStyles(ForwardRef(Drawer))
    ModalProps={
      Object {
        "BackdropProps": Object {
          "invisible": false,
        },
      }
    }
    anchor="right"
    classes={
      Object {
        "paper": "makeStyles-drawer-2",
      }
    }
    onClose={[Function]}
    open={false}
    variant="temporary"
  >
    <Styled(MuiBox)>
      <Styled(MuiBox)
        alignItems="center"
        display="flex"
        justifyContent="space-between"
        p={2}
      >
        <WithStyles(ForwardRef(Typography))
          color="textPrimary"
          variant="h4"
        >
          Drawer title
        </WithStyles(ForwardRef(Typography))>
        <WithStyles(ForwardRef(IconButton))
          onClick={[Function]}
        >
          <WithStyles(ForwardRef(SvgIcon))
            fontSize="small"
          >
            <XCircle />
          </WithStyles(ForwardRef(SvgIcon))>
        </WithStyles(ForwardRef(IconButton))>
      </Styled(MuiBox)>
      <WithStyles(ForwardRef(Divider)) />
      <Styled(MuiBox)
        bgcolor="background.dark"
        p={2}
      >
        <div
          className="makeStyles-supplyPercent-1"
        >
          NaN%
           APR
        </div>
        <ChartWrapper>
           
        </ChartWrapper>
      </Styled(MuiBox)>
      <Styled(MuiBox)
        mt={3}
        p={2}
      >
        <WithStyles(ForwardRef(Grid))
          className="makeStyles-amount-7"
          container={true}
        >
          <WithStyles(ForwardRef(Grid))
            item={true}
            md={6}
            xs={true}
          >
            Amount
          </WithStyles(ForwardRef(Grid))>
          <WithStyles(ForwardRef(Grid))
            className="makeStyles-walletBalance-10"
            container={true}
            item={true}
            justify="flex-end"
            md={6}
            xs={true}
          >
            Amount value
          </WithStyles(ForwardRef(Grid))>
        </WithStyles(ForwardRef(Grid))>
        <div
          className="makeStyles-inputWrap-4"
        >
          <WithStyles(ForwardRef(Input))
            autoFocus={true}
            className="makeStyles-input-6"
            disableUnderline={true}
            fullWidth={true}
            onChange={[Function]}
            placeholder="0.00"
            type="number"
            value="0"
          />
          <span
            className="makeStyles-maxTips-5"
            onClick={[Function]}
          >
            MAX
          </span>
        </div>
        <WithStyles(ForwardRef(Grid))
          className="makeStyles-rateInfo-8"
        >
          <WithStyles(ForwardRef(Grid))
            className="makeStyles-rateRow-9"
            container={true}
          >
            <WithStyles(ForwardRef(Grid))
              item={true}
              md={6}
              xs={true}
            >
              Market Utilization
            </WithStyles(ForwardRef(Grid))>
            <WithStyles(ForwardRef(Grid))
              container={true}
              item={true}
              justify="flex-end"
              md={6}
              xs={true}
            >
              NaN%
            </WithStyles(ForwardRef(Grid))>
          </WithStyles(ForwardRef(Grid))>
          <WithStyles(ForwardRef(Grid))
            className="makeStyles-rateRow-9"
            container={true}
          >
            <WithStyles(ForwardRef(Grid))
              item={true}
              md={6}
              xs={true}
            >
              Price
            </WithStyles(ForwardRef(Grid))>
            <WithStyles(ForwardRef(Grid))
              container={true}
              item={true}
              justify="flex-end"
              md={6}
              xs={true}
            >
              0
            </WithStyles(ForwardRef(Grid))>
          </WithStyles(ForwardRef(Grid))>
          <WithStyles(ForwardRef(Grid))
            className="makeStyles-rateRow-9"
            container={true}
          >
            <WithStyles(ForwardRef(Grid))
              item={true}
              md={6}
              xs={true}
            >
              Balance
            </WithStyles(ForwardRef(Grid))>
            <WithStyles(ForwardRef(Grid))
              container={true}
              item={true}
              justify="flex-end"
              md={6}
              xs={true}
            >
              $1.00
            </WithStyles(ForwardRef(Grid))>
          </WithStyles(ForwardRef(Grid))>
        </WithStyles(ForwardRef(Grid))>
        <Styled(MuiBox)
          mt={4}
        >
          <WithStyles(ForwardRef(Button))
            color="primary"
            disabled={true}
            fullWidth={true}
            onClick={[Function]}
            size="large"
            type="button"
            variant="contained"
          >
            Borrow
          </WithStyles(ForwardRef(Button))>
        </Styled(MuiBox)>
      </Styled(MuiBox)>
    </Styled(MuiBox)>
  </WithStyles(ForwardRef(Drawer))>
</Fragment>
`;
